{
  "report": "/data/mlperf_dlrm_v4/nan_replay_post_ac_20260918_0730/ln_operation_replay.json",
  "gpu_validation": "completed; compare summaries and hashes, not merely process exit",
  "selection": {
    "requested": "0:16",
    "reason": "0:16",
    "total_sample_rows": 1959558,
    "eligible_rows": 16,
    "analyzed_rows": 16,
    "truncated": false,
    "all_rows_included": false,
    "first_sample_rows": [
      0,
      1,
      2,
      3,
      4,
      5,
      6,
      7,
      8,
      9,
      10,
      11,
      12,
      13,
      14,
      15
    ],
    "last_sample_rows": [
      8,
      9,
      10,
      11,
      12,
      13,
      14,
      15
    ],
    "columns": "all; no feature/reduction columns sampled"
  },
  "references": {
    "d_x": {
      "reference_dtype": "torch.float64",
      "output_dtype": "torch.bfloat16",
      "scope": "selected sample rows, all columns",
      "elements": 8192,
      "reference_nonfinite": 0,
      "reference_max_abs_finite": 1.4440294209391247e-10,
      "outside_output_finite_range": 0,
      "cast_nonfinite": 0,
      "overflow_samples": [],
      "observed_comparison": "available",
      "compared_elements": 8192,
      "observed_nonfinite": 0,
      "observed_nonfinite_with_finite_cast_reference": 0,
      "observed_finite_with_nonfinite_cast_reference": 0,
      "max_abs_error_vs_fp64_finite_pairs": 4.4756449475401605e-13,
      "max_abs_error_vs_cast_reference_finite_pairs": 0.0
    },
    "d_norm_weight": {
      "reference_dtype": "torch.float64",
      "output_dtype": "torch.bfloat16",
      "scope": "partial contribution from selected sample rows; not the full parameter gradient",
      "elements": 512,
      "reference_nonfinite": 0,
      "reference_max_abs_finite": 2.1679516711433e-10,
      "outside_output_finite_range": 0,
      "cast_nonfinite": 0,
      "overflow_samples": [],
      "observed_comparison": "not available for this scope",
      "compared_elements": 0,
      "observed_nonfinite": 0,
      "observed_nonfinite_with_finite_cast_reference": 0,
      "observed_finite_with_nonfinite_cast_reference": 0,
      "max_abs_error_vs_fp64_finite_pairs": 0.0,
      "max_abs_error_vs_cast_reference_finite_pairs": 0.0
    },
    "d_norm_bias": {
      "reference_dtype": "torch.float64",
      "output_dtype": "torch.bfloat16",
      "scope": "partial contribution from selected sample rows; not the full parameter gradient",
      "elements": 512,
      "reference_nonfinite": 0,
      "reference_max_abs_finite": 1.6756374066062563e-10,
      "outside_output_finite_range": 0,
      "cast_nonfinite": 0,
      "overflow_samples": [],
      "observed_comparison": "not available for this scope",
      "compared_elements": 0,
      "observed_nonfinite": 0,
      "observed_nonfinite_with_finite_cast_reference": 0,
      "observed_finite_with_nonfinite_cast_reference": 0,
      "max_abs_error_vs_fp64_finite_pairs": 0.0,
      "max_abs_error_vs_cast_reference_finite_pairs": 0.0
    }
  }
}
REPLAY_EXIT=0
