/opt/venv/lib/python3.12/site-packages/torch/jit/annotations.py:411: UserWarning: TorchScript will treat type annotations of Tensor dtype-specific subtypes as if they are normal Tensors. dtype constraints are not enforced in compilation either.
  if inspect.isclass(ann) and is_tensor(ann):
[embedding-scale] EMBEDDING_ROW_SCALE=0.25 -> item_id=2347656, artist_id=323348, album_id=841923, uid=250000, cross_rows=69500000
WARNING:generative_recommenders.dlrm_v4.train.utils:HSTU hammer kernel set to: TRITON
WARNING:torchrec.distributed.planner.types:The topology was constructed directly rather than via TopologyFactory.create_topology(). Please use TopologyFactory to ensure proper hardware configuration resolution and validation; otherwise, the job will fail.
/opt/venv/lib/python3.12/site-packages/torchrec/distributed/planner/planners.py:552: FutureWarning: HeuristicalStorageReservation is known to cause issues, particularly during dry run where it over-estimates dense tensor size. We recommend passing a dense_tensor_estimate, or migrating to FixedPercentageStorageReservation. This policy is over-tuned to specific use cases.
  else HeuristicalStorageReservation(
WARNING:torchrec.distributed.planner.storage_reservations:There is a known issue with TorchRec's dense tensor size calculation in dry run scenarios, where tensors are not materialized. Consider passing in a dense_tensor_estimate to planner input if you are running in dry run environment.
[replay] current repeat=0: restore
[rank0]:W0918 07:43:33.544000 2946 torch/fx/_symbolic_trace.py:53] is_fx_tracing will return true for both fx.symbolic_trace and torch.export. Please use is_fx_tracing_symbolic_tracing() for specifically fx.symbolic_trace or torch.compiler.is_compiling() for specifically torch.export/compile.
[replay] current repeat=0: verify_restored_bytes
[replay] current repeat=0: current_forward
[rank0]:[W918 07:45:16.912510862 gen_embedding_forward_split_unweighted_codegen_hip.hip:774] Warning: Running on non-CDNA architecture. Performance may be suboptimal. (function operator())
[replay] current repeat=0: observe_current_forward
[replay] current repeat=0: current_backward
[nan-boundary] saved finite boundary: model._dmp_wrapped_module.module._hstu_transducer._stu_module._stu_layers.1 / triton_addmm_bwd: /data/mlperf_dlrm_v4/nan_replay_post_ac_20260918_0730/boundaries_saved/boundary-2946-1789717407684763312-current-r0-s101-0003-triton_addmm_bwd-finite.pt
[nan-boundary] saved finite boundary: model._dmp_wrapped_module.module._hstu_transducer._stu_module._stu_layers.1 / triton_weighted_layer_norm_bwd: /data/mlperf_dlrm_v4/nan_replay_post_ac_20260918_0730/boundaries_saved/boundary-2946-1789717407684763312-current-r0-s101-0004-triton_weighted_layer_norm_bwd-finite.pt
/opt/venv/lib/python3.12/site-packages/torch/autograd/graph.py:869: UserWarning: Running on non-CDNA architecture. Performance may be suboptimal. (Triggered internally at /tmp/FBGEMM/fbgemm_gpu/_skbuild/linux-x86_64-3.12/cmake-build/gen_embedding_backward_rowwise_adagrad_split_unweighted_nobag_hip.hip:357.)
  return Variable._execution_engine.run_backward(  # Calls into the C++ engine to run the backward pass
[replay] current repeat=0: scan_current_gradients
[replay] {"mode": "current", "repeat": 0, "step": 101, "phase": "complete", "restore_large_comparison": {"equal": true, "compared_bytes": 150042474496, "mismatched_bytes": 0, "mismatched_pages": 0, "mismatched_storages": 0, "first_mismatches": []}, "restore_small_comparison": {"equal": true, "different_storage_ids": [], "details": [], "different_bindings": []}, "restored_control_differences": [], "restored_rng_differences": [], "output_differences": [], "nonfinite": [], "losses": {"listen_plus": "0.13949690759181976"}, "bad_gradients": [], "seconds": 187.380369836}
[replay] current repeat=1: restore
[replay] current repeat=1: verify_restored_bytes
[replay] current repeat=1: current_forward
[replay] current repeat=1: observe_current_forward
[replay] current repeat=1: current_backward
[nan-boundary] saved finite boundary: model._dmp_wrapped_module.module._hstu_transducer._stu_module._stu_layers.1 / triton_addmm_bwd: /data/mlperf_dlrm_v4/nan_replay_post_ac_20260918_0730/boundaries_saved/boundary-2946-1789717407684763312-current-r1-s101-0003-triton_addmm_bwd-finite.pt
[nan-boundary] saved finite boundary: model._dmp_wrapped_module.module._hstu_transducer._stu_module._stu_layers.1 / triton_weighted_layer_norm_bwd: /data/mlperf_dlrm_v4/nan_replay_post_ac_20260918_0730/boundaries_saved/boundary-2946-1789717407684763312-current-r1-s101-0004-triton_weighted_layer_norm_bwd-finite.pt
[replay] current repeat=1: scan_current_gradients
[replay] {"mode": "current", "repeat": 1, "step": 101, "phase": "complete", "restore_large_comparison": {"equal": true, "compared_bytes": 150042474496, "mismatched_bytes": 0, "mismatched_pages": 0, "mismatched_storages": 0, "first_mismatches": []}, "restore_small_comparison": {"equal": true, "different_storage_ids": [], "details": [], "different_bindings": []}, "restored_control_differences": [], "restored_rng_differences": [], "output_differences": [], "nonfinite": [], "losses": {"listen_plus": "0.13949690759181976"}, "bad_gradients": [], "seconds": 156.84883286399986}
[replay] COMPLETE report=/data/mlperf_dlrm_v4/nan_replay_post_ac_20260918_0730/saved_operations_report.json
REPLAY_EXIT=0
